1768957040: mosquitto version 2.0.22 starting
1768957040: Config loaded from /mosquitto/config/mosquitto.conf.
1768957040: Opening ipv4 listen socket on port 1883.
1768957040: Opening ipv6 listen socket on port 1883.
1768957040: Opening websockets listen socket on port 9001.
1768957040: mosquitto version 2.0.22 running
1768957050: New connection from ::1:54600 on port 1883.
1768957050: New client connected from ::1:54600 as auto-717D8653-2205-5D9C-2EBF-924AD48A0B34 (p2, c1, k60).
1768957050: Client auto-717D8653-2205-5D9C-2EBF-924AD48A0B34 disconnected.
1768957060: New connection from ::1:54118 on port 1883.
1768957060: New client connected from ::1:54118 as auto-36D8213B-2F30-E52E-AB76-2D2C9208C265 (p2, c1, k60).
1768957060: Client auto-36D8213B-2F30-E52E-AB76-2D2C9208C265 disconnected.
1768957070: New connection from ::1:47392 on port 1883.
1768957070: New client connected from ::1:47392 as auto-F3B58ED0-FD56-6BBA-3ECE-04EC88AF5172 (p2, c1, k60).
1768957070: Client auto-F3B58ED0-FD56-6BBA-3ECE-04EC88AF5172 disconnected.
1768957080: New connection from ::1:39982 on port 1883.
1768957080: New client connected from ::1:39982 as auto-04D6B209-3A7A-A989-3568-E4010DAB895E (p2, c1, k60).
1768957080: Client auto-04D6B209-3A7A-A989-3568-E4010DAB895E disconnected.
1768957090: New connection from ::1:36128 on port 1883.
1768957090: New client connected from ::1:36128 as auto-04F95A88-38A0-B3F3-0965-9CD69EED460F (p2, c1, k60).
1768957090: Client auto-04F95A88-38A0-B3F3-0965-9CD69EED460F disconnected.
1768957100: New connection from ::1:51470 on port 1883.
1768957100: New client connected from ::1:51470 as auto-B112B9FE-1C5F-E7B4-3196-03062B87EE7C (p2, c1, k60).
1768957100: Client auto-B112B9FE-1C5F-E7B4-3196-03062B87EE7C disconnected.
1768957110: New connection from ::1:35608 on port 1883.
1768957110: New client connected from ::1:35608 as auto-A1ABBED6-AA69-9AE4-25F1-0B338E9134B5 (p2, c1, k60).
1768957110: Client auto-A1ABBED6-AA69-9AE4-25F1-0B338E9134B5 disconnected.
1768957111: mosquitto version 2.0.22 terminating
1768957111: Saving in-memory database to /mosquitto/data//mosquitto.db.
1768957146: mosquitto version 2.0.22 starting
1768957146: Config loaded from /mosquitto/config/mosquitto.conf.
1768957146: Opening ipv4 listen socket on port 1883.
1768957146: Opening ipv6 listen socket on port 1883.
1768957146: Opening websockets listen socket on port 9001.
1768957146: mosquitto version 2.0.22 running
1768957156: New connection from ::1:52372 on port 1883.
1768957156: New client connected from ::1:52372 as auto-301F9E12-6ECD-6796-3818-02B715E52EBD (p2, c1, k60).
1768957156: Client auto-301F9E12-6ECD-6796-3818-02B715E52EBD disconnected.
1768957166: New connection from ::1:39132 on port 1883.
1768957166: New client connected from ::1:39132 as auto-DE2F302E-660B-0E77-7131-CD084B920EAF (p2, c1, k60).
1768957166: Client auto-DE2F302E-660B-0E77-7131-CD084B920EAF disconnected.
1768957176: New connection from 172.19.0.19:42277 on port 1883.
1768957176: New client connected from 172.19.0.19:42277 as simulation-service (p2, c1, k60).
1768957177: New connection from ::1:38458 on port 1883.
1768957177: New client connected from ::1:38458 as auto-84B95649-552B-28BE-8942-F5655D5EE804 (p2, c1, k60).
1768957177: Client auto-84B95649-552B-28BE-8942-F5655D5EE804 disconnected.
1768957177: New connection from 172.19.0.19:57463 on port 1883.
1768957177: New client connected from 172.19.0.19:57463 as mqtt-kafka-bridge (p2, c1, k60).
1768957187: New connection from ::1:42670 on port 1883.
1768957187: New client connected from ::1:42670 as auto-ECF2A552-79F4-FB9B-24E3-3993E078D5AA (p2, c1, k60).
1768957187: Client auto-ECF2A552-79F4-FB9B-24E3-3993E078D5AA disconnected.
1768957197: New connection from ::1:53028 on port 1883.
1768957197: New client connected from ::1:53028 as auto-46A43255-6745-C35E-8082-291C15230294 (p2, c1, k60).
1768957197: Client auto-46A43255-6745-C35E-8082-291C15230294 disconnected.
1768957207: New connection from ::1:53352 on port 1883.
1768957207: New client connected from ::1:53352 as auto-6E090751-C9FE-339F-08C8-C22465289BCD (p2, c1, k60).
1768957207: Client auto-6E090751-C9FE-339F-08C8-C22465289BCD disconnected.
1768957217: New connection from ::1:49922 on port 1883.
1768957217: New client connected from ::1:49922 as auto-95326011-903E-0427-A74B-E5230345E054 (p2, c1, k60).
1768957217: Client auto-95326011-903E-0427-A74B-E5230345E054 disconnected.
1768957227: New connection from ::1:34594 on port 1883.
1768957227: New client connected from ::1:34594 as auto-39E175D0-38EB-058B-DA2A-4448C7956288 (p2, c1, k60).
1768957227: Client auto-39E175D0-38EB-058B-DA2A-4448C7956288 disconnected.
1768957237: New connection from ::1:53070 on port 1883.
1768957237: New client connected from ::1:53070 as auto-828129B8-3CB8-CAAC-9276-DE2E463A800A (p2, c1, k60).
1768957237: Client auto-828129B8-3CB8-CAAC-9276-DE2E463A800A disconnected.
1768957247: New connection from ::1:38280 on port 1883.
1768957247: New client connected from ::1:38280 as auto-EE2BFFFE-0CC3-C84B-13B8-DAB1C3B60006 (p2, c1, k60).
1768957247: Client auto-EE2BFFFE-0CC3-C84B-13B8-DAB1C3B60006 disconnected.
1768957257: New connection from ::1:37544 on port 1883.
1768957257: New client connected from ::1:37544 as auto-42365357-7629-1DB1-81DC-D760B864FEA2 (p2, c1, k60).
1768957257: Client auto-42365357-7629-1DB1-81DC-D760B864FEA2 disconnected.
1768957267: New connection from ::1:56124 on port 1883.
1768957267: New client connected from ::1:56124 as auto-9F2CF739-083A-1B93-C971-2CDA1AE33A5B (p2, c1, k60).
1768957267: Client auto-9F2CF739-083A-1B93-C971-2CDA1AE33A5B disconnected.
1768957277: New connection from ::1:39012 on port 1883.
1768957277: New client connected from ::1:39012 as auto-0E4BD76D-6FBA-BDDF-7319-44AD0415E4D0 (p2, c1, k60).
1768957277: Client auto-0E4BD76D-6FBA-BDDF-7319-44AD0415E4D0 disconnected.
1768957287: New connection from ::1:49272 on port 1883.
1768957287: New client connected from ::1:49272 as auto-C8FF2586-515D-D2A2-E091-5BE4B850C9A3 (p2, c1, k60).
1768957287: Client auto-C8FF2586-515D-D2A2-E091-5BE4B850C9A3 disconnected.
1768957297: New connection from ::1:57746 on port 1883.
1768957297: New client connected from ::1:57746 as auto-49DFFA6B-DD8A-2C83-79AB-06EC2830F534 (p2, c1, k60).
1768957297: Client auto-49DFFA6B-DD8A-2C83-79AB-06EC2830F534 disconnected.
1768957307: New connection from ::1:50884 on port 1883.
1768957307: New client connected from ::1:50884 as auto-DF27A0E7-916B-76B0-315D-64D6C0C59DB2 (p2, c1, k60).
1768957307: Client auto-DF27A0E7-916B-76B0-315D-64D6C0C59DB2 disconnected.
1768957318: New connection from ::1:46802 on port 1883.
1768957318: New client connected from ::1:46802 as auto-2172B4F0-3327-618F-054E-83FB3C7A8E10 (p2, c1, k60).
1768957318: Client auto-2172B4F0-3327-618F-054E-83FB3C7A8E10 disconnected.
1768957328: New connection from ::1:46996 on port 1883.
1768957328: New client connected from ::1:46996 as auto-BEA47631-37D4-3AE0-8E84-1D482F5F7A89 (p2, c1, k60).
1768957328: Client auto-BEA47631-37D4-3AE0-8E84-1D482F5F7A89 disconnected.
1768957338: New connection from ::1:56844 on port 1883.
1768957338: New client connected from ::1:56844 as auto-3EE8D1CE-42CD-D978-75BA-6BA174924A91 (p2, c1, k60).
1768957338: Client auto-3EE8D1CE-42CD-D978-75BA-6BA174924A91 disconnected.
1768957348: New connection from ::1:35200 on port 1883.
1768957348: New client connected from ::1:35200 as auto-A4C06DD7-2AFA-826B-7065-1DEDF8D894BC (p2, c1, k60).
1768957348: Client auto-A4C06DD7-2AFA-826B-7065-1DEDF8D894BC disconnected.
1768957358: New connection from ::1:44918 on port 1883.
1768957358: New client connected from ::1:44918 as auto-26531B44-114E-3301-5306-19AA73438D90 (p2, c1, k60).
1768957358: Client auto-26531B44-114E-3301-5306-19AA73438D90 disconnected.
1768957368: New connection from ::1:44226 on port 1883.
1768957368: New client connected from ::1:44226 as auto-8E49A0F7-987B-6A98-2BA1-A11BB28A11A9 (p2, c1, k60).
1768957368: Client auto-8E49A0F7-987B-6A98-2BA1-A11BB28A11A9 disconnected.
1768957378: New connection from ::1:59030 on port 1883.
1768957378: New client connected from ::1:59030 as auto-0D905D57-82FA-92C4-1946-918A2C54380B (p2, c1, k60).
1768957378: Client auto-0D905D57-82FA-92C4-1946-918A2C54380B disconnected.
1768957388: New connection from ::1:60478 on port 1883.
1768957388: New client connected from ::1:60478 as auto-9BD792F0-FB1F-A199-7412-04BA743A147F (p2, c1, k60).
1768957388: Client auto-9BD792F0-FB1F-A199-7412-04BA743A147F disconnected.
1768957398: New connection from ::1:34130 on port 1883.
1768957398: New client connected from ::1:34130 as auto-D6544AAE-8CE6-C19C-A1BD-6519D65BCC4C (p2, c1, k60).
1768957398: Client auto-D6544AAE-8CE6-C19C-A1BD-6519D65BCC4C disconnected.
1768957408: New connection from ::1:57670 on port 1883.
1768957408: New client connected from ::1:57670 as auto-71AE4085-2798-9AA9-2623-9C491099DF08 (p2, c1, k60).
1768957408: Client auto-71AE4085-2798-9AA9-2623-9C491099DF08 disconnected.
